✅ Loaded 100 bots from StacksDuel fleet.
🔥 ContentStream BOT FLEET: FULL LIFECYCLE MODE
===============================================
Actions: register-content | unlock-content


📊 State: 0 creators registered
🎬 [11:06:29 PM] Bot #78 (SP2Z8...S51Q) -> REGISTER CONTENT: "Cyberpunk Digital Art Collection" for 0.88 STX
   ❌ TX Error: transaction rejected | NotEnoughFunds
⏳ Next action in 2.8 minutes

📊 State: 0 creators registered
🎬 [11:09:26 PM] Bot #62 (SP3CZ...EGPP) -> REGISTER CONTENT: "Exclusive Tech Podcast" for 0.52 STX
   ❌ TX Exception: fetch failed
⏳ Next action in 1.6 minutes

📊 State: 0 creators registered
🎬 [11:11:21 PM] Bot #19 (SP2YH...X79R) -> REGISTER CONTENT: "Stacks Nakamoto Upgrade Explained" for 0.67 STX
   ✅ TX Sent: f9672c42033c22fbc94d6b46fb82707bc7fae09ac1485047a08783277496276c
⏳ Next action in 3.3 minutes

📊 State: 1 creators registered
🎬 [11:14:38 PM] Bot #84 (SP3P2...Z4JP) -> REGISTER CONTENT: "Stacks Nakamoto Upgrade Explained" for 0.51 STX
   ❌ TX Error: transaction rejected | NotEnoughFunds
⏳ Next action in 1.1 minutes
